Error in sitecustomize; set PYTHONVERBOSE for traceback:
ModuleNotFoundError: No module named 'wrapt'
stock 0 121688.558384 0
ironmule_exact 0 118124.602144 0
ironmule_fp32 0 34624.815799 0
ironmule_exact 1 118130.852686 0
ironmule_fp32 1 34447.686232 0
stock 1 121965.045479 0
{
 "stock": {
  "ratio_vs_reference_per_rep": [
   1.0,
   1.0
  ],
  "median_ratio": 1.0,
  "max_ratio": 1.0,
  "identical_requests": 6,
  "deterministic_across_processes": true,
  "failed_processes": 0
 },
 "ironmule_exact": {
  "ratio_vs_reference_per_rep": [
   0.9707124787463288,
   0.9685631831813635
  ],
  "median_ratio": 0.9696378309638461,
  "max_ratio": 0.9707124787463288,
  "identical_requests": 6,
  "deterministic_across_processes": true,
  "failed_processes": 0
 },
 "ironmule_fp32": {
  "ratio_vs_reference_per_rep": [
   0.2845363299459761,
   0.2824390061653461
  ],
  "median_ratio": 0.2834876680556611,
  "max_ratio": 0.2845363299459761,
  "identical_requests": 2,
  "deterministic_across_processes": true,
  "failed_processes": 0
 }
}
