Error in sitecustomize; set PYTHONVERBOSE for traceback:
ModuleNotFoundError: No module named 'wrapt'
stock 0 56593.206509 0
ironmule_exact 0 54493.060046 0
ironmule_fp32 0 29512.976617 0
ironmule_exact 1 54614.527256 0
ironmule_fp32 1 29596.172284 0
stock 1 56440.493964 0
{
 "stock": {
  "ratio_vs_reference_per_rep": [
   1.0,
   1.0
  ],
  "median_ratio": 1.0,
  "max_ratio": 1.0,
  "identical_requests": 6,
  "deterministic_across_processes": true,
  "failed_processes": 0
 },
 "ironmule_exact": {
  "ratio_vs_reference_per_rep": [
   0.962890484696851,
   0.9676479318348157
  ],
  "median_ratio": 0.9652692082658334,
  "max_ratio": 0.9676479318348157,
  "identical_requests": 3,
  "deterministic_across_processes": false,
  "failed_processes": 0
 },
 "ironmule_fp32": {
  "ratio_vs_reference_per_rep": [
   0.5214932752097473,
   0.5243783355772474
  ],
  "median_ratio": 0.5229358053934974,
  "max_ratio": 0.5243783355772474,
  "identical_requests": 5,
  "deterministic_across_processes": true,
  "failed_processes": 0
 }
}
