Error in sitecustomize; set PYTHONVERBOSE for traceback:
ModuleNotFoundError: No module named 'wrapt'
{
 "schema": "ironmule.port2-families.v1",
 "model_id": "mlx-community/gemma-3-4b-it-4bit",
 "revision": "93724907d4ed1745d2fe50baadf3b0b01a65abf2",
 "max_tokens": 16,
 "ok": true,
 "performance_claim": false,
 "mlx": "0.32.2",
 "mlx_lm": "0.31.3",
 "baseline_matches_stock": true,
 "tokens_identical": true,
 "tuned_matches_stock": true,
 "tuned_over_baseline_generate": 0.9201,
 "device": "Device(gpu, 0)"
}
{'knobs': 'stock', 'cache_kinds': ['kv']}
{'knobs': {}, 'load_seconds': 24.1, 'n_layers': 34, 'cache_kinds': ['kv'], 'fused_qkv': False, 'fused_gate_up': False, 'weights_bytes': 2561222704, 'stop_reason': 'length', 'warmup_seconds': 0.0, 'generate_seconds': 2.127, 'decode_tokens_per_second': 7.52, 'warmup_tokens_match': True, 'peak_memory_bytes': 2591725440}
{'knobs': {'compiled_fixed_cache': True, 'fused_argmax': True, 'head_skip_prefill': True, 'readback_every': 2, 'capacity_slack': 128, 'fuse_projections': True}, 'load_seconds': 24.0, 'n_layers': 34, 'cache_kinds': ['kv'], 'fused_qkv': True, 'fused_gate_up': True, 'weights_bytes': 2561222704, 'stop_reason': 'length', 'warmup_seconds': 0.0, 'generate_seconds': 1.957, 'decode_tokens_per_second': 8.18, 'warmup_tokens_match': True, 'peak_memory_bytes': 2749492064}
