Using Python 3.12.13 environment at: im
Resolved 41 packages in 1.49s
   Building ironmule @ file:///tmp/IronMule
Downloading pygments (1.2MiB)
Downloading nvidia-cufft-cu12 (191.6MiB)
Downloading nvidia-cudnn-cu12 (734.8MiB)
Downloading tokenizers (3.2MiB)
Downloading nvidia-nvjitlink-cu12 (37.9MiB)
Downloading hf-xet (4.3MiB)
Downloading mlx-cuda-12 (83.0MiB)
Downloading sentencepiece (1.3MiB)
Downloading numpy (15.9MiB)
Downloading transformers (11.7MiB)
Downloading nvidia-cublas-cu12 (554.3MiB)
Downloading nvidia-cuda-nvrtc-cu12 (85.4MiB)
Downloading nvidia-nccl-cu12 (335.2MiB)
 Downloaded pygments
 Downloaded sentencepiece
      Built ironmule @ file:///tmp/IronMule
 Downloaded tokenizers
 Downloaded hf-xet
 Downloaded transformers
 Downloaded numpy
 Downloaded nvidia-nvjitlink-cu12
 Downloaded mlx-cuda-12
 Downloaded nvidia-cuda-nvrtc-cu12
 Downloaded nvidia-cufft-cu12
 Downloaded nvidia-nccl-cu12
 Downloaded nvidia-cublas-cu12
 Downloaded nvidia-cudnn-cu12
Prepared 41 packages in 20.21s
Installed 41 packages in 100ms
 + annotated-doc==0.0.5
 + anyio==4.15.1
 + certifi==2026.7.22
 + click==8.5.0
 + filelock==4.0.1
 + fsspec==2026.9.0
 + h11==0.16.0
 + hf-xet==1.6.0
 + httpcore==1.0.9
 + httpx==0.28.1
 + huggingface-hub==1.32.0
 + idna==3.20
 + ironmule==0.1.0 (from file:///tmp/IronMule)
 + jinja2==3.1.6
 + markdown-it-py==4.2.0
 + markupsafe==3.0.3
 + mdurl==0.1.2
 + mlx==0.32.2
 + mlx-cuda-12==0.32.2
 + mlx-lm==0.31.3
 + numpy==2.5.3
 + nvidia-cublas-cu12==12.9.2.10
 + nvidia-cuda-nvrtc-cu12==12.9.86
 + nvidia-cudnn-cu12==9.26.0.51
 + nvidia-cufft-cu12==11.4.1.4
 + nvidia-nccl-cu12==2.32.3
 + nvidia-nvjitlink-cu12==12.9.86
 + packaging==26.3
 + protobuf==7.36.2
 + pygments==2.21.0
 + pyyaml==6.0.3
 + regex==2026.9.10
 + rich==15.0.0
 + safetensors==0.8.0
 + sentencepiece==0.2.2
 + shellingham==1.5.4
 + tokenizers==0.23.2
 + tqdm==4.70.1
 + transformers==5.17.0
 + typer==0.27.2
 + typing-extensions==4.16.0
