[{"stream_name":"stdout","time":1.831546288,"data":"== env: exit=0 0.2s\n"}
,{"stream_name":"stdout","time":4.600026804,"data":"== clone: exit=0 2.8s\n"}
,{"stream_name":"stdout","time":18.969004424,"data":"== venv: exit=0 14.4s\n"}
,{"stream_name":"stdout","time":47.24533481,"data":"== install: exit=0 28.3s\n"}
,{"stream_name":"stdout","time":47.337329223,"data":"== freeze: exit=0 0.1s\n"}
,{"stream_name":"stdout","time":112.784620328,"data":"== download_gemma3-4b: exit=0 65.4s\n"}
,{"stream_name":"stdout","time":1341.455590126,"data":"== tune_probe_gemma3-4b: exit=0 1228.7s\n"}
,{"stream_name":"stdout","time":1341.455919592,"data":"{\n"}
,{"stream_name":"stdout","time":1341.455929738,"data":" \"env\": 0,\n"}
,{"stream_name":"stdout","time":1341.455933621,"data":" \"clone\": 0,\n"}
,{"stream_name":"stdout","time":1341.455936966,"data":" \"venv\": 0,\n"}
,{"stream_name":"stdout","time":1341.455940542,"data":" \"install\": 0,\n"}
,{"stream_name":"stdout","time":1341.455943798,"data":" \"freeze\": 0,\n"}
,{"stream_name":"stdout","time":1341.455947084,"data":" \"download_gemma3-4b\": 0,\n"}
,{"stream_name":"stdout","time":1341.455950415,"data":" \"tune_probe_gemma3-4b\": 0\n"}
,{"stream_name":"stdout","time":1341.455953982,"data":"}\n"}
,{"stream_name":"stderr","time":1344.414417511,"data":"/usr/local/lib/python3.12/dist-packages/mistune.py:435: SyntaxWarning: invalid escape sequence '\\|'\n"}
,{"stream_name":"stderr","time":1344.414451172,"data":"  cells[i][c] = re.sub('\\\\\\\\\\|', '|', cell)\n"}
,{"stream_name":"stderr","time":1344.976716673,"data":"/usr/local/lib/python3.12/dist-packages/nbconvert/filters/filter_links.py:36: SyntaxWarning: invalid escape sequence '\\_'\n"}
,{"stream_name":"stderr","time":1344.976745552,"data":"  text = re.sub(r'_', '\\_', text) # Escape underscores in display text\n"}
,{"stream_name":"stderr","time":1346.568613665,"data":"[NbConvertApp] Converting notebook __script__.ipynb to html\n"}
,{"stream_name":"stderr","time":1348.446198996,"data":"[NbConvertApp] Writing 292315 bytes to __results__.html\n"}
]