baseline 894.82 ms  (prefill 377.95, decode 514.98) 32 tokens, capacity 384
  compiled_fixed_cache=  True  ratio 0.8953  kept
  fused_argmax=  True  ratio 0.8987  rejected: no gain
  head_skip_prefill=  True  ratio 0.8180  kept
  prefill_into_fixed=  True  ratio 0.8086  kept
  readback_every=     2  ratio 0.7715  kept
  readback_every=     4  ratio 0.7695  rejected: no gain
  readback_every=     8  ratio 0.7433  kept
  speculate_k=     4  ratio 1.4180  rejected: no gain
  capacity_slack=   128  ratio 0.7387  kept
  wired_fraction=   0.6  ratio 0.7394  rejected: no gain
Error in sitecustomize; set PYTHONVERBOSE for traceback:
ModuleNotFoundError: No module named 'wrapt'
Traceback (most recent call last):
  File "/tmp/im/bin/ironmule", line 10, in <module>
    sys.exit(main())
             ^^^^^^
  File "/tmp/IronMule/ironmule_cli.py", line 469, in main
    return _dispatch(argv)
           ^^^^^^^^^^^^^^^
  File "/tmp/IronMule/ironmule_cli.py", line 513, in _dispatch
    return _run_tune(rest)
           ^^^^^^^^^^^^^^^
  File "/tmp/IronMule/ironmule_cli.py", line 218, in _run_tune
    return int(tune_module.main(argv))
               ^^^^^^^^^^^^^^^^^^^^^^
  File "/tmp/IronMule/ironmule/tune.py", line 984, in main
    tune(args.model, max_tokens=args.max_tokens, repeats=args.repeats, force=args.force,
  File "/tmp/IronMule/ironmule/tune.py", line 751, in tune
    _close_engine(engine)
  File "/tmp/IronMule/ironmule/tune.py", line 357, in _close_engine
    close()
  File "/tmp/IronMule/ironmule/runtime.py", line 409, in close
    raise error
RuntimeError: wired limit changed externally while this engine was live
