Error in sitecustomize; set PYTHONVERBOSE for traceback:
ModuleNotFoundError: No module named 'wrapt'
0 {'nll_bf16': 2.758978843688965}
1 {'nll_bf16': 3.349318027496338}
2 {'nll_bf16': 3.233717203140259}
3 {'nll_bf16': 3.366334915161133}
4 {'nll_bf16': 2.919405698776245}
5 {'nll_bf16': 3.304229736328125}
6 {'nll_bf16': 3.3937082290649414}
7 {'nll_bf16': 3.481440305709839}
8 {'nll_bf16': 3.825983762741089}
9 {'nll_bf16': 3.48469877243042}
10 {'nll_bf16': 3.0417847633361816}
11 {'nll_bf16': 3.5101828575134277}
12 {'nll_bf16': 3.6284403800964355}
13 {'nll_bf16': 3.1238484382629395}
14 {'nll_bf16': 3.220167636871338}
15 {'nll_bf16': 3.08658766746521}
{
 "schema": "ironmule.port1-quality.v1",
 "model_id": "mlx-community/gemma-3-4b-it-4bit",
 "revision": "93724907d4ed1745d2fe50baadf3b0b01a65abf2",
 "text": "/tmp/wikitext.txt",
 "chunks": 16,
 "chunk_tokens": 512,
 "bos": 2,
 "only": "bf16",
 "ppl_bf16": 26.99230167984059,
 "device": "Device(gpu, 0)",
 "seconds": 300.27073645591736
}
