Error in sitecustomize; set PYTHONVERBOSE for traceback:
ModuleNotFoundError: No module named 'wrapt'
stock 0 26492.182242000003 0
ironmule_exact 0 25551.7683455 0
ironmule_exact 1 25824.3228825 0
stock 1 27429.669629 0
stock 2 27482.402697 0
ironmule_exact 2 26113.082871500003 0
{
 "stock": {
  "ratio_vs_reference_per_rep": [
   1.0,
   1.0,
   1.0
  ],
  "median_ratio": 1.0,
  "max_ratio": 1.0,
  "identical_requests": 6,
  "deterministic_across_processes": true,
  "failed_processes": 0
 },
 "ironmule_exact": {
  "ratio_vs_reference_per_rep": [
   0.9645022109575747,
   0.9414740764940622,
   0.9501746684743297
  ],
  "median_ratio": 0.9501746684743297,
  "max_ratio": 0.9645022109575747,
  "identical_requests": 6,
  "deterministic_across_processes": true,
  "failed_processes": 0
 }
}
