Error in sitecustomize; set PYTHONVERBOSE for traceback:
ModuleNotFoundError: No module named 'wrapt'
stock 0 88611.618551 0
ironmule_exact 0 86080.681414 0
ironmule_fp32 0 43332.633495 0
ironmule_exact 1 86067.989933 0
ironmule_fp32 1 43392.703825 0
stock 1 88201.173381 0
{
 "stock": {
  "ratio_vs_reference_per_rep": [
   1.0,
   1.0
  ],
  "median_ratio": 1.0,
  "max_ratio": 1.0,
  "identical_requests": 6,
  "deterministic_across_processes": true,
  "failed_processes": 0
 },
 "ironmule_exact": {
  "ratio_vs_reference_per_rep": [
   0.9714378635850859,
   0.9758145683755777
  ],
  "median_ratio": 0.9736262159803317,
  "max_ratio": 0.9758145683755777,
  "identical_requests": 6,
  "deterministic_across_processes": true,
  "failed_processes": 0
 },
 "ironmule_fp32": {
  "ratio_vs_reference_per_rep": [
   0.48901751489913375,
   0.4919742239432328
  ],
  "median_ratio": 0.4904958694211833,
  "max_ratio": 0.4919742239432328,
  "identical_requests": 4,
  "deterministic_across_processes": true,
  "failed_processes": 0
 }
}
