Using Python 3.12.13 environment at: im
error: Failed to build `ironmule @ file:///tmp/IronMule`
  cause: The build backend returned an error
  cause: Call to `setuptools.build_meta.build_editable` failed (exit status: 1)

         [stderr]
         Error in sitecustomize; set PYTHONVERBOSE for traceback:
         ModuleNotFoundError: No module named 'wrapt'
         Traceback (most recent call last):
           File "<string>", line 14, in <module>
           File "/root/.cache/uv/builds-v0/.tmpP8tfsg/lib/python3.12/site-packages/setuptools/build_meta.py", line 481, in get_requires_for_build_editable
             return self.get_requires_for_build_wheel(config_settings)
                    ^^^^^^^^^^^^^^^^^^^^^^^^^^^^^^^^^^^^^^^^^^^^^^^^^^
           File "/root/.cache/uv/builds-v0/.tmpP8tfsg/lib/python3.12/site-packages/setuptools/build_meta.py", line 333, in get_requires_for_build_wheel
             return self._get_build_requires(config_settings, requirements=[])
                    ^^^^^^^^^^^^^^^^^^^^^^^^^^^^^^^^^^^^^^^^^^^^^^^^^^^^^^^^^^
           File "/root/.cache/uv/builds-v0/.tmpP8tfsg/lib/python3.12/site-packages/setuptools/build_meta.py", line 301, in _get_build_requires
             self.run_setup()
           File "/root/.cache/uv/builds-v0/.tmpP8tfsg/lib/python3.12/site-packages/setuptools/build_meta.py", line 317, in run_setup
             exec(code, locals())  # noqa: S102 # exec is intentional here
             ^^^^^^^^^^^^^^^^^^^^
           File "<string>", line 1, in <module>
           File "/root/.cache/uv/builds-v0/.tmpP8tfsg/lib/python3.12/site-packages/setuptools/__init__.py", line 117, in setup
             return distutils.core.setup(**attrs)  # type: ignore[return-value]
                    ^^^^^^^^^^^^^^^^^^^^^^^^^^^^^
           File "/root/.cache/uv/builds-v0/.tmpP8tfsg/lib/python3.12/site-packages/setuptools/_distutils/core.py", line 142, in setup
             dist.parse_config_files()
           File "/root/.cache/uv/builds-v0/.tmpP8tfsg/lib/python3.12/site-packages/_virtualenv.py", line 21, in parse_config_files
             result = old_parse_config_files(self, *args, **kwargs)
                      ^^^^^^^^^^^^^^^^^^^^^^^^^^^^^^^^^^^^^^^^^^^^^
           File "/root/.cache/uv/builds-v0/.tmpP8tfsg/lib/python3.12/site-packages/setuptools/dist.py", line 762, in parse_config_files
             pyprojecttoml.apply_configuration(self, filename, ignore_option_errors)
           File "/root/.cache/uv/builds-v0/.tmpP8tfsg/lib/python3.12/site-packages/setuptools/config/pyprojecttoml.py", line 73, in apply_configuration
             return _apply(dist, config, filepath)
                    ^^^^^^^^^^^^^^^^^^^^^^^^^^^^^^
           File "/root/.cache/uv/builds-v0/.tmpP8tfsg/lib/python3.12/site-packages/setuptools/config/_apply_pyprojecttoml.py", line 61, in apply
             dist._finalize_license_expression()
           File "/root/.cache/uv/builds-v0/.tmpP8tfsg/lib/python3.12/site-packages/setuptools/dist.py", line 430, in _finalize_license_expression
             raise InvalidConfigError(
         setuptools.errors.InvalidConfigError: License classifiers have been superseded by license expressions (see https://peps.python.org/pep-0639/). Please remove:

         License :: OSI Approved :: Apache Software License

hint: Build failures usually indicate a problem with the package or the build environment
