Error in sitecustomize; set PYTHONVERBOSE for traceback:
ModuleNotFoundError: No module named 'wrapt'
stock 0 118038.628329 0
ironmule_fp32 0 33209.104751 0
ironmule_fp16 0 23542.786416 0
ironmule_fp32 1 33298.932869 0
ironmule_fp16 1 23433.252791 0
stock 1 117937.764944 0
{
 "stock": {
  "ratio_vs_reference_per_rep": [
   1.0,
   1.0
  ],
  "median_ratio": 1.0,
  "max_ratio": 1.0,
  "identical_requests": 6,
  "deterministic_across_processes": true,
  "failed_processes": 0
 },
 "ironmule_fp32": {
  "ratio_vs_reference_per_rep": [
   0.2813409916831532,
   0.2823432586229798
  ],
  "median_ratio": 0.2818421251530665,
  "max_ratio": 0.2823432586229798,
  "identical_requests": 2,
  "deterministic_across_processes": true,
  "failed_processes": 0
 },
 "ironmule_fp16": {
  "ratio_vs_reference_per_rep": [
   0.1994498474718039,
   0.19869168117715927
  ],
  "median_ratio": 0.19907076432448156,
  "max_ratio": 0.1994498474718039,
  "identical_requests": 2,
  "deterministic_across_processes": true,
  "failed_processes": 0
 }
}
