Error in sitecustomize; set PYTHONVERBOSE for traceback:
ModuleNotFoundError: No module named 'wrapt'
0 {'nll_float16': 3.3847415447235107}
1 {'nll_float16': 5.493348121643066}
2 {'nll_float16': 5.272514820098877}
3 {'nll_float16': 5.37969970703125}
4 {'nll_float16': 4.458895683288574}
5 {'nll_float16': 5.671095848083496}
6 {'nll_float16': 5.4283342361450195}
7 {'nll_float16': 5.318911552429199}
8 {'nll_float16': 6.462753772735596}
9 {'nll_float16': 6.319396495819092}
10 {'nll_float16': 5.244483947753906}
11 {'nll_float16': 5.735293388366699}
12 {'nll_float16': 6.442714691162109}
13 {'nll_float16': 4.844821929931641}
14 {'nll_float16': 5.2958478927612305}
15 {'nll_float16': 4.7682366371154785}
{
 "schema": "ironmule.port1-quality.v1",
 "model_id": "mlx-community/gemma-3-4b-it-4bit",
 "revision": "93724907d4ed1745d2fe50baadf3b0b01a65abf2",
 "text": "/tmp/wikitext.txt",
 "chunks": 16,
 "chunk_tokens": 512,
 "only": "float16",
 "ppl_float16": 209.5721647406451,
 "device": "Device(gpu, 0)",
 "seconds": 55.22127819061279
}
