Error in sitecustomize; set PYTHONVERBOSE for traceback:
ModuleNotFoundError: No module named 'wrapt'
stock 0 26745.973868499997 0
ironmule_exact 0 25556.164572499998 0
ironmule_fp32 0 14039.3218405 0
ironmule_exact 1 25425.014511499998 0
ironmule_fp32 1 14137.436781 0
stock 1 26947.8040025 0
ironmule_fp32 2 14160.310538000002 0
stock 2 26992.5866355 0
ironmule_exact 2 25671.472181999998 0
{
 "stock": {
  "ratio_vs_reference_per_rep": [
   1.0,
   1.0,
   1.0
  ],
  "median_ratio": 1.0,
  "max_ratio": 1.0,
  "identical_requests": 6,
  "deterministic_across_processes": true,
  "failed_processes": 0
 },
 "ironmule_exact": {
  "ratio_vs_reference_per_rep": [
   0.9555144523115947,
   0.9434911471502936,
   0.95105639665661
  ],
  "median_ratio": 0.95105639665661,
  "max_ratio": 0.9555144523115947,
  "identical_requests": 6,
  "deterministic_across_processes": true,
  "failed_processes": 0
 },
 "ironmule_fp32": {
  "ratio_vs_reference_per_rep": [
   0.5249134658369937,
   0.5246229629578886,
   0.5245999847742159
  ],
  "median_ratio": 0.5246229629578886,
  "max_ratio": 0.5249134658369937,
  "identical_requests": 2,
  "deterministic_across_processes": true,
  "failed_processes": 0
 }
}
