Error in sitecustomize; set PYTHONVERBOSE for traceback:
ModuleNotFoundError: No module named 'wrapt'
0 {'nll_bf16': 3.58420991897583, 'nll_fp32': 3.5829720497131348, 'kl': 2.9276827262947336e-05, 'top1': 0.998046875}
1 {'nll_bf16': 4.479862213134766, 'nll_fp32': 4.480154037475586, 'kl': 3.3139847801066935e-05, 'top1': 0.998046875}
2 {'nll_bf16': 4.252636909484863, 'nll_fp32': 4.252791404724121, 'kl': 4.987101419828832e-05, 'top1': 0.994140625}
3 {'nll_bf16': 4.2627434730529785, 'nll_fp32': 4.262163162231445, 'kl': 3.527131411829032e-05, 'top1': 0.994140625}
4 {'nll_bf16': 4.061006546020508, 'nll_fp32': 4.058011054992676, 'kl': 0.0004053058510180563, 'top1': 0.9921875}
5 {'nll_bf16': 4.3128156661987305, 'nll_fp32': 4.312095642089844, 'kl': 5.61295346415136e-05, 'top1': 1.0}
6 {'nll_bf16': 4.420526504516602, 'nll_fp32': 4.41900634765625, 'kl': 3.209870556020178e-05, 'top1': 0.990234375}
7 {'nll_bf16': 4.438774585723877, 'nll_fp32': 4.438344955444336, 'kl': 4.755101690534502e-05, 'top1': 0.994140625}
8 {'nll_bf16': 4.865710258483887, 'nll_fp32': 4.865339279174805, 'kl': 2.5763727535377257e-05, 'top1': 0.99609375}
9 {'nll_bf16': 4.595658779144287, 'nll_fp32': 4.593630313873291, 'kl': 0.00017618099809624255, 'top1': 0.998046875}
10 {'nll_bf16': 4.4599480628967285, 'nll_fp32': 4.460712909698486, 'kl': 3.813186049228534e-05, 'top1': 0.998046875}
11 {'nll_bf16': 4.720067977905273, 'nll_fp32': 4.720551490783691, 'kl': 6.733255577273667e-05, 'top1': 1.0}
12 {'nll_bf16': 5.175901889801025, 'nll_fp32': 5.1776018142700195, 'kl': 0.0002326228132005781, 'top1': 0.994140625}
13 {'nll_bf16': 3.983443021774292, 'nll_fp32': 3.9830236434936523, 'kl': 3.3711097785271704e-05, 'top1': 0.99609375}
14 {'nll_bf16': 4.181045055389404, 'nll_fp32': 4.179861545562744, 'kl': 4.921121580991894e-05, 'top1': 0.99609375}
15 {'nll_bf16': 4.410373687744141, 'nll_fp32': 4.400237560272217, 'kl': 0.0005241470062173903, 'top1': 0.994140625}
{
 "schema": "ironmule.port1-quality.v1",
 "model_id": "mlx-community/gemma-3-1b-it-4bit",
 "revision": "2d44e83dc9e80843d22fb941d3d699a0b1351aa6",
 "text": "/tmp/wikitext.txt",
 "chunks": 16,
 "chunk_tokens": 512,
 "ppl_bf16": 80.46282563333907,
 "ppl_fp32": 80.37121387677001,
 "ppl_ratio_fp32_over_bf16": 0.9988614399774312,
 "ppl_ratio_ci": [
  0.9974317803439015,
  0.9998764770032966
 ],
 "mean_kl_bf16_fp32": 0.0001147340866509694,
 "top1_agreement": 0.995849609375,
 "quality_gate_upper_below_1_005": true,
 "device": "Device(gpu, 0)",
 "seconds": 54.91590070724487
}
