Error in sitecustomize; set PYTHONVERBOSE for traceback:
ModuleNotFoundError: No module named 'wrapt'
Installing dependencies...
Get:1 https://cloud.r-project.org/bin/linux/ubuntu jammy-cran40/ InRelease [3,632 B]
Get:2 https://cli.github.com/packages stable InRelease [3,917 B]
Get:3 https://developer.download.nvidia.com/compute/cuda/repos/ubuntu2204/x86_64  InRelease [1,578 B]
Get:4 https://r2u.stat.illinois.edu/ubuntu jammy InRelease [6,555 B]
Hit:5 http://archive.ubuntu.com/ubuntu jammy InRelease
Get:6 http://archive.ubuntu.com/ubuntu jammy-updates InRelease [128 kB]
Get:7 http://security.ubuntu.com/ubuntu jammy-security InRelease [129 kB]
Get:8 https://cloud.r-project.org/bin/linux/ubuntu jammy-cran40/ Packages [114 kB]
Get:9 https://cli.github.com/packages stable/main amd64 Packages [359 B]
Get:10 http://archive.ubuntu.com/ubuntu jammy-backports InRelease [127 kB]
Get:11 https://developer.download.nvidia.com/compute/cuda/repos/ubuntu2204/x86_64  Packages [3,037 kB]
Get:12 https://ppa.launchpadcontent.net/deadsnakes/ppa/ubuntu jammy InRelease [18.1 kB]
Get:13 https://r2u.stat.illinois.edu/ubuntu jammy/main amd64 Packages [3,238 kB]
Hit:14 https://ppa.launchpadcontent.net/graphics-drivers/ppa/ubuntu jammy InRelease
Hit:15 https://ppa.launchpadcontent.net/ubuntugis/ppa/ubuntu jammy InRelease
Get:16 https://r2u.stat.illinois.edu/ubuntu jammy/main all Packages [11.0 MB]
Get:17 http://archive.ubuntu.com/ubuntu jammy-updates/restricted amd64 Packages [8,124 kB]
Get:18 http://archive.ubuntu.com/ubuntu jammy-updates/universe amd64 Packages [1,623 kB]
Get:19 http://archive.ubuntu.com/ubuntu jammy-updates/main amd64 Packages [4,698 kB]
Get:20 http://archive.ubuntu.com/ubuntu jammy-updates/multiverse amd64 Packages [93.2 kB]
Get:21 http://archive.ubuntu.com/ubuntu jammy-backports/main amd64 Packages [82.9 kB]
Get:22 http://archive.ubuntu.com/ubuntu jammy-backports/universe amd64 Packages [35.6 kB]
Get:23 https://ppa.launchpadcontent.net/deadsnakes/ppa/ubuntu jammy/main amd64 Packages [49.0 kB]
Get:24 http://security.ubuntu.com/ubuntu jammy-security/restricted amd64 Packages [7,819 kB]
Get:25 http://security.ubuntu.com/ubuntu jammy-security/multiverse amd64 Packages [84.6 kB]
Get:26 http://security.ubuntu.com/ubuntu jammy-security/main amd64 Packages [4,355 kB]
Get:27 http://security.ubuntu.com/ubuntu jammy-security/universe amd64 Packages [1,321 kB]
Fetched 46.1 MB in 5s (9,221 kB/s)
Reading package lists...
W: Skipping acquire of configured file 'main/source/Sources' as repository 'https://r2u.stat.illinois.edu/ubuntu jammy InRelease' does not seem to provide it (sources.list entry misspelt?)
Reading package lists...
Building dependency tree...
Reading state information...
fonts-liberation is already the newest version (1:1.07.4-11).
libfontconfig1 is already the newest version (2.13.1-4.2ubuntu5).
libxcb1 is already the newest version (1.14-3ubuntu3).
libxcb1 set to manually installed.
libxdamage1 is already the newest version (1:1.1.5-2build2).
libxdamage1 set to manually installed.
libxext6 is already the newest version (2:1.3.4-1build1).
libxfixes3 is already the newest version (1:6.0.0-1).
libxfixes3 set to manually installed.
libxkbcommon0 is already the newest version (1.4.0-1).
libxkbcommon0 set to manually installed.
libxrandr2 is already the newest version (2:1.5.2-1build1).
libxrandr2 set to manually installed.
libcairo2 is already the newest version (1.16.0-5ubuntu2.1).
libcairo2 set to manually installed.
libdbus-1-3 is already the newest version (1.12.20-2ubuntu4.1).
libdbus-1-3 set to manually installed.
libdrm2 is already the newest version (2.4.113-2~ubuntu0.22.04.1).
libdrm2 set to manually installed.
libfreetype6 is already the newest version (2.11.1+dfsg-1ubuntu0.3).
libfreetype6 set to manually installed.
libnspr4 is already the newest version (2:4.35-0ubuntu0.22.04.1).
libnspr4 set to manually installed.
libpango-1.0-0 is already the newest version (1.50.6+ds-2ubuntu1).
libpango-1.0-0 set to manually installed.
libwayland-client0 is already the newest version (1.20.0-1ubuntu0.1).
libwayland-client0 set to manually installed.
libx11-6 is already the newest version (2:1.7.5-1ubuntu0.3).
libx11-6 set to manually installed.
xvfb is already the newest version (2:21.1.4-2ubuntu1.7~22.04.16).
The following additional packages will be installed:
  libasound2-data libatk1.0-data libegl-mesa0 libgl1-mesa-dri libglapi-mesa
  libglib2.0-bin libglib2.0-dev libglib2.0-dev-bin libglx-mesa0
  xfonts-encodings xfonts-utils
Suggested packages:
  libasound2-plugins alsa-utils cups-common libglib2.0-doc libxml2-utils
Recommended packages:
  fonts-ipafont-mincho fonts-tlwg-loma alsa-ucm-conf alsa-topology-conf
  at-spi2-core libgl1-amber-dri xdg-user-dirs
The following NEW packages will be installed:
  fonts-freefont-ttf fonts-ipafont-gothic fonts-noto-color-emoji
  fonts-tlwg-loma-otf fonts-unifont fonts-wqy-zenhei libatk-bridge2.0-0
  libatk1.0-0 libatk1.0-data libatspi2.0-0 libxcomposite1 xfonts-cyrillic
  xfonts-encodings xfonts-scalable xfonts-utils
The following packages will be upgraded:
  libasound2 libasound2-data libcups2 libegl-mesa0 libgbm1 libgl1-mesa-dri
  libglapi-mesa libglib2.0-0 libglib2.0-bin libglib2.0-dev libglib2.0-dev-bin
  libglx-mesa0 libnss3
13 upgraded, 15 newly installed, 0 to remove and 234 not upgraded.
Need to get 43.3 MB of archives.
After this operation, 68.7 MB of additional disk space will be used.
Get:1 http://archive.ubuntu.com/ubuntu jammy/universe amd64 fonts-ipafont-gothic all 00303-21ubuntu1 [3,513 kB]
Get:2 http://archive.ubuntu.com/ubuntu jammy-updates/main amd64 libglib2.0-dev amd64 2.72.4-0ubuntu2.10 [1,745 kB]
Get:3 http://archive.ubuntu.com/ubuntu jammy-updates/main amd64 libglib2.0-dev-bin amd64 2.72.4-0ubuntu2.10 [117 kB]
Get:4 http://archive.ubuntu.com/ubuntu jammy-updates/main amd64 libglib2.0-bin amd64 2.72.4-0ubuntu2.10 [80.9 kB]
Get:5 http://archive.ubuntu.com/ubuntu jammy-updates/main amd64 libglib2.0-0 amd64 2.72.4-0ubuntu2.10 [1,469 kB]
Get:6 http://archive.ubuntu.com/ubuntu jammy/main amd64 fonts-freefont-ttf all 20120503-10build1 [2,388 kB]
Get:7 http://archive.ubuntu.com/ubuntu jammy-updates/main amd64 fonts-noto-color-emoji all 2.047-0ubuntu0.22.04.1 [10.0 MB]
Get:8 http://archive.ubuntu.com/ubuntu jammy/universe amd64 fonts-tlwg-loma-otf all 1:0.7.3-1 [107 kB]
Get:9 http://archive.ubuntu.com/ubuntu jammy/universe amd64 fonts-unifont all 1:14.0.01-1 [3,551 kB]
Get:10 http://archive.ubuntu.com/ubuntu jammy/universe amd64 fonts-wqy-zenhei all 0.9.45-8 [7,472 kB]
Get:11 http://archive.ubuntu.com/ubuntu jammy-updates/main amd64 libasound2 amd64 1.2.6.1-1ubuntu1.2 [391 kB]
Get:12 http://archive.ubuntu.com/ubuntu jammy-updates/main amd64 libasound2-data all 1.2.6.1-1ubuntu1.2 [19.3 kB]
Get:13 http://archive.ubuntu.com/ubuntu jammy/main amd64 libatk1.0-data all 2.36.0-3build1 [2,824 B]
Get:14 http://archive.ubuntu.com/ubuntu jammy/main amd64 libatk1.0-0 amd64 2.36.0-3build1 [51.9 kB]
Get:15 http://archive.ubuntu.com/ubuntu jammy/main amd64 libatspi2.0-0 amd64 2.44.0-3 [80.9 kB]
Get:16 http://archive.ubuntu.com/ubuntu jammy/main amd64 libatk-bridge2.0-0 amd64 2.38.0-3 [66.6 kB]
Get:17 http://archive.ubuntu.com/ubuntu jammy-updates/main amd64 libcups2 amd64 2.4.1op1-1ubuntu4.21 [266 kB]
Get:18 http://archive.ubuntu.com/ubuntu jammy-updates/main amd64 libegl-mesa0 amd64 23.2.1-1ubuntu3.1~22.04.4 [118 kB]
Get:19 http://archive.ubuntu.com/ubuntu jammy-updates/main amd64 libgbm1 amd64 23.2.1-1ubuntu3.1~22.04.4 [33.7 kB]
Get:20 http://archive.ubuntu.com/ubuntu jammy-updates/main amd64 libgl1-mesa-dri amd64 23.2.1-1ubuntu3.1~22.04.4 [8,860 kB]
Get:21 http://archive.ubuntu.com/ubuntu jammy-updates/main amd64 libglx-mesa0 amd64 23.2.1-1ubuntu3.1~22.04.4 [158 kB]
Get:22 http://archive.ubuntu.com/ubuntu jammy-updates/main amd64 libglapi-mesa amd64 23.2.1-1ubuntu3.1~22.04.4 [35.6 kB]
Get:23 http://archive.ubuntu.com/ubuntu jammy-updates/main amd64 libnss3 amd64 2:3.98-0ubuntu0.22.04.4 [1,347 kB]
Get:24 http://archive.ubuntu.com/ubuntu jammy/main amd64 libxcomposite1 amd64 1:0.4.5-1build2 [7,192 B]
Get:25 http://archive.ubuntu.com/ubuntu jammy/main amd64 xfonts-encodings all 1:1.0.5-0ubuntu2 [578 kB]
Get:26 http://archive.ubuntu.com/ubuntu jammy/main amd64 xfonts-utils amd64 1:7.7+6build2 [94.6 kB]
Get:27 http://archive.ubuntu.com/ubuntu jammy/universe amd64 xfonts-cyrillic all 1:1.0.5 [386 kB]
Get:28 http://archive.ubuntu.com/ubuntu jammy/main amd64 xfonts-scalable all 1:1.0.3-1.2ubuntu1 [306 kB]
Fetched 43.3 MB in 3s (13.8 MB/s)
Selecting previously unselected package fonts-ipafont-gothic.
(Reading database ... 
(Reading database ... 5%
(Reading database ... 10%
(Reading database ... 15%
(Reading database ... 20%
(Reading database ... 25%
(Reading database ... 30%
(Reading database ... 35%
(Reading database ... 40%
(Reading database ... 45%
(Reading database ... 50%
(Reading database ... 55%
(Reading database ... 60%
(Reading database ... 65%
(Reading database ... 70%
(Reading database ... 75%
(Reading database ... 80%
(Reading database ... 85%
(Reading database ... 90%
(Reading database ... 95%
(Reading database ... 100%
(Reading database ... 125186 files and directories currently installed.)
Preparing to unpack .../00-fonts-ipafont-gothic_00303-21ubuntu1_all.deb ...
Unpacking fonts-ipafont-gothic (00303-21ubuntu1) ...
Preparing to unpack .../01-libglib2.0-dev_2.72.4-0ubuntu2.10_amd64.deb ...
Unpacking libglib2.0-dev:amd64 (2.72.4-0ubuntu2.10) over (2.72.4-0ubuntu2.9) ...
Preparing to unpack .../02-libglib2.0-dev-bin_2.72.4-0ubuntu2.10_amd64.deb ...
Unpacking libglib2.0-dev-bin (2.72.4-0ubuntu2.10) over (2.72.4-0ubuntu2.9) ...
Preparing to unpack .../03-libglib2.0-bin_2.72.4-0ubuntu2.10_amd64.deb ...
Unpacking libglib2.0-bin (2.72.4-0ubuntu2.10) over (2.72.4-0ubuntu2.9) ...
Preparing to unpack .../04-libglib2.0-0_2.72.4-0ubuntu2.10_amd64.deb ...
Unpacking libglib2.0-0:amd64 (2.72.4-0ubuntu2.10) over (2.72.4-0ubuntu2.9) ...
Selecting previously unselected package fonts-freefont-ttf.
Preparing to unpack .../05-fonts-freefont-ttf_20120503-10build1_all.deb ...
Unpacking fonts-freefont-ttf (20120503-10build1) ...
Selecting previously unselected package fonts-noto-color-emoji.
Preparing to unpack .../06-fonts-noto-color-emoji_2.047-0ubuntu0.22.04.1_all.deb ...
Unpacking fonts-noto-color-emoji (2.047-0ubuntu0.22.04.1) ...
Selecting previously unselected package fonts-tlwg-loma-otf.
Preparing to unpack .../07-fonts-tlwg-loma-otf_1%3a0.7.3-1_all.deb ...
Unpacking fonts-tlwg-loma-otf (1:0.7.3-1) ...
Selecting previously unselected package fonts-unifont.
Preparing to unpack .../08-fonts-unifont_1%3a14.0.01-1_all.deb ...
Unpacking fonts-unifont (1:14.0.01-1) ...
Selecting previously unselected package fonts-wqy-zenhei.
Preparing to unpack .../09-fonts-wqy-zenhei_0.9.45-8_all.deb ...
Unpacking fonts-wqy-zenhei (0.9.45-8) ...
Preparing to unpack .../10-libasound2_1.2.6.1-1ubuntu1.2_amd64.deb ...
Unpacking libasound2:amd64 (1.2.6.1-1ubuntu1.2) over (1.2.6.1-1ubuntu1.1) ...
Preparing to unpack .../11-libasound2-data_1.2.6.1-1ubuntu1.2_all.deb ...
Unpacking libasound2-data (1.2.6.1-1ubuntu1.2) over (1.2.6.1-1ubuntu1.1) ...
Selecting previously unselected package libatk1.0-data.
Preparing to unpack .../12-libatk1.0-data_2.36.0-3build1_all.deb ...
Unpacking libatk1.0-data (2.36.0-3build1) ...
Selecting previously unselected package libatk1.0-0:amd64.
Preparing to unpack .../13-libatk1.0-0_2.36.0-3build1_amd64.deb ...
Unpacking libatk1.0-0:amd64 (2.36.0-3build1) ...
Selecting previously unselected package libatspi2.0-0:amd64.
Preparing to unpack .../14-libatspi2.0-0_2.44.0-3_amd64.deb ...
Unpacking libatspi2.0-0:amd64 (2.44.0-3) ...
Selecting previously unselected package libatk-bridge2.0-0:amd64.
Preparing to unpack .../15-libatk-bridge2.0-0_2.38.0-3_amd64.deb ...
Unpacking libatk-bridge2.0-0:amd64 (2.38.0-3) ...
Preparing to unpack .../16-libcups2_2.4.1op1-1ubuntu4.21_amd64.deb ...
Unpacking libcups2:amd64 (2.4.1op1-1ubuntu4.21) over (2.4.1op1-1ubuntu4.16) ...
Preparing to unpack .../17-libegl-mesa0_23.2.1-1ubuntu3.1~22.04.4_amd64.deb ...
Unpacking libegl-mesa0:amd64 (23.2.1-1ubuntu3.1~22.04.4) over (23.2.1-1ubuntu3.1~22.04.3) ...
Preparing to unpack .../18-libgbm1_23.2.1-1ubuntu3.1~22.04.4_amd64.deb ...
Unpacking libgbm1:amd64 (23.2.1-1ubuntu3.1~22.04.4) over (23.2.1-1ubuntu3.1~22.04.3) ...
Preparing to unpack .../19-libgl1-mesa-dri_23.2.1-1ubuntu3.1~22.04.4_amd64.deb ...
Unpacking libgl1-mesa-dri:amd64 (23.2.1-1ubuntu3.1~22.04.4) over (23.2.1-1ubuntu3.1~22.04.3) ...
Preparing to unpack .../20-libglx-mesa0_23.2.1-1ubuntu3.1~22.04.4_amd64.deb ...
Unpacking libglx-mesa0:amd64 (23.2.1-1ubuntu3.1~22.04.4) over (23.2.1-1ubuntu3.1~22.04.3) ...
Preparing to unpack .../21-libglapi-mesa_23.2.1-1ubuntu3.1~22.04.4_amd64.deb ...
Unpacking libglapi-mesa:amd64 (23.2.1-1ubuntu3.1~22.04.4) over (23.2.1-1ubuntu3.1~22.04.3) ...
Preparing to unpack .../22-libnss3_2%3a3.98-0ubuntu0.22.04.4_amd64.deb ...
Unpacking libnss3:amd64 (2:3.98-0ubuntu0.22.04.4) over (2:3.98-0ubuntu0.22.04.3) ...
Selecting previously unselected package libxcomposite1:amd64.
Preparing to unpack .../23-libxcomposite1_1%3a0.4.5-1build2_amd64.deb ...
Unpacking libxcomposite1:amd64 (1:0.4.5-1build2) ...
Selecting previously unselected package xfonts-encodings.
Preparing to unpack .../24-xfonts-encodings_1%3a1.0.5-0ubuntu2_all.deb ...
Unpacking xfonts-encodings (1:1.0.5-0ubuntu2) ...
Selecting previously unselected package xfonts-utils.
Preparing to unpack .../25-xfonts-utils_1%3a7.7+6build2_amd64.deb ...
Unpacking xfonts-utils (1:7.7+6build2) ...
Selecting previously unselected package xfonts-cyrillic.
Preparing to unpack .../26-xfonts-cyrillic_1%3a1.0.5_all.deb ...
Unpacking xfonts-cyrillic (1:1.0.5) ...
Selecting previously unselected package xfonts-scalable.
Preparing to unpack .../27-xfonts-scalable_1%3a1.0.3-1.2ubuntu1_all.deb ...
Unpacking xfonts-scalable (1:1.0.3-1.2ubuntu1) ...
Setting up libgbm1:amd64 (23.2.1-1ubuntu3.1~22.04.4) ...
Setting up fonts-noto-color-emoji (2.047-0ubuntu0.22.04.1) ...
Setting up libglib2.0-0:amd64 (2.72.4-0ubuntu2.10) ...
Setting up fonts-wqy-zenhei (0.9.45-8) ...
Setting up fonts-freefont-ttf (20120503-10build1) ...
Setting up libglib2.0-bin (2.72.4-0ubuntu2.10) ...
Setting up libnss3:amd64 (2:3.98-0ubuntu0.22.04.4) ...
Setting up libatspi2.0-0:amd64 (2.44.0-3) ...
Setting up libasound2-data (1.2.6.1-1ubuntu1.2) ...
Setting up fonts-tlwg-loma-otf (1:0.7.3-1) ...
Setting up xfonts-encodings (1:1.0.5-0ubuntu2) ...
Setting up libglapi-mesa:amd64 (23.2.1-1ubuntu3.1~22.04.4) ...
Setting up libcups2:amd64 (2.4.1op1-1ubuntu4.21) ...
Setting up libatk1.0-data (2.36.0-3build1) ...
Setting up fonts-ipafont-gothic (00303-21ubuntu1) ...
update-alternatives: using /usr/share/fonts/opentype/ipafont-gothic/ipag.ttf to provide /usr/share/fonts/truetype/fonts-japanese-gothic.ttf (fonts-japanese-gothic.ttf) in auto mode
Setting up libasound2:amd64 (1.2.6.1-1ubuntu1.2) ...
Setting up libatk1.0-0:amd64 (2.36.0-3build1) ...
Setting up libxcomposite1:amd64 (1:0.4.5-1build2) ...
Setting up fonts-unifont (1:14.0.01-1) ...
Setting up libglib2.0-dev-bin (2.72.4-0ubuntu2.10) ...
Setting up libgl1-mesa-dri:amd64 (23.2.1-1ubuntu3.1~22.04.4) ...
Setting up xfonts-utils (1:7.7+6build2) ...
Setting up libatk-bridge2.0-0:amd64 (2.38.0-3) ...
Setting up libegl-mesa0:amd64 (23.2.1-1ubuntu3.1~22.04.4) ...
Setting up libglib2.0-dev:amd64 (2.72.4-0ubuntu2.10) ...
Setting up xfonts-cyrillic (1:1.0.5) ...
Setting up xfonts-scalable (1:1.0.3-1.2ubuntu1) ...
Setting up libglx-mesa0:amd64 (23.2.1-1ubuntu3.1~22.04.4) ...
Processing triggers for man-db (2.10.2-1) ...
Processing triggers for fontconfig (2.13.1-4.2ubuntu5) ...
Processing triggers for libc-bin (2.35-0ubuntu3.8) ...
/sbin/ldconfig.real: /usr/local/lib/libtbbbind_2_5.so.3 is not a symbolic link

/sbin/ldconfig.real: /usr/local/lib/libur_adapter_level_zero.so.0 is not a symbolic link

/sbin/ldconfig.real: /usr/local/lib/libtbbbind.so.3 is not a symbolic link

/sbin/ldconfig.real: /usr/local/lib/libur_adapter_level_zero_v2.so.0 is not a symbolic link

/sbin/ldconfig.real: /usr/local/lib/libtbbbind_2_0.so.3 is not a symbolic link

/sbin/ldconfig.real: /usr/local/lib/libur_loader.so.0 is not a symbolic link

/sbin/ldconfig.real: /usr/local/lib/libtbb.so.12 is not a symbolic link

/sbin/ldconfig.real: /usr/local/lib/libumf.so.1 is not a symbolic link

/sbin/ldconfig.real: /usr/local/lib/libtcm_debug.so.1 is not a symbolic link

/sbin/ldconfig.real: /usr/local/lib/libur_adapter_opencl.so.0 is not a symbolic link

/sbin/ldconfig.real: /usr/local/lib/libtbbmalloc_proxy.so.2 is not a symbolic link

/sbin/ldconfig.real: /usr/local/lib/libtcm.so.1 is not a symbolic link

/sbin/ldconfig.real: /usr/local/lib/libtbbmalloc.so.2 is not a symbolic link

/sbin/ldconfig.real: /usr/local/lib/libhwloc.so.15 is not a symbolic link

Downloading Chromium 140.0.7339.16 (playwright build v1187) from https://cdn.playwright.dev/dbazure/download/playwright/builds/chromium/1187/chromium-linux.zip
|                                                                                |   0% of 173.7 MiB
|■■■■■■■■                                                                        |  10% of 173.7 MiB
|■■■■■■■■■■■■■■■■                                                                |  20% of 173.7 MiB
|■■■■■■■■■■■■■■■■■■■■■■■■                                                        |  30% of 173.7 MiB
|■■■■■■■■■■■■■■■■■■■■■■■■■■■■■■■■                                                |  40% of 173.7 MiB
|■■■■■■■■■■■■■■■■■■■■■■■■■■■■■■■■■■■■■■■■                                        |  50% of 173.7 MiB
|■■■■■■■■■■■■■■■■■■■■■■■■■■■■■■■■■■■■■■■■■■■■■■■■                                |  60% of 173.7 MiB
|■■■■■■■■■■■■■■■■■■■■■■■■■■■■■■■■■■■■■■■■■■■■■■■■■■■■■■■■                        |  70% of 173.7 MiB
|■■■■■■■■■■■■■■■■■■■■■■■■■■■■■■■■■■■■■■■■■■■■■■■■■■■■■■■■■■■■■■■■                |  80% of 173.7 MiB
|■■■■■■■■■■■■■■■■■■■■■■■■■■■■■■■■■■■■■■■■■■■■■■■■■■■■■■■■■■■■■■■■■■■■■■■■        |  90% of 173.7 MiB
|■■■■■■■■■■■■■■■■■■■■■■■■■■■■■■■■■■■■■■■■■■■■■■■■■■■■■■■■■■■■■■■■■■■■■■■■■■■■■■■■| 100% of 173.7 MiB
Chromium 140.0.7339.16 (playwright build v1187) downloaded to /root/.cache/ms-playwright/chromium-1187
Downloading FFMPEG playwright build v1011 from https://cdn.playwright.dev/dbazure/download/playwright/builds/ffmpeg/1011/ffmpeg-linux.zip
|                                                                                |   0% of 2.3 MiB
|■■■■■■■■                                                                        |  10% of 2.3 MiB
|■■■■■■■■■■■■■■■■                                                                |  20% of 2.3 MiB
|■■■■■■■■■■■■■■■■■■■■■■■■                                                        |  30% of 2.3 MiB
|■■■■■■■■■■■■■■■■■■■■■■■■■■■■■■■■                                                |  40% of 2.3 MiB
|■■■■■■■■■■■■■■■■■■■■■■■■■■■■■■■■■■■■■■■■                                        |  50% of 2.3 MiB
|■■■■■■■■■■■■■■■■■■■■■■■■■■■■■■■■■■■■■■■■■■■■■■■■                                |  60% of 2.3 MiB
|■■■■■■■■■■■■■■■■■■■■■■■■■■■■■■■■■■■■■■■■■■■■■■■■■■■■■■■■                        |  70% of 2.3 MiB
|■■■■■■■■■■■■■■■■■■■■■■■■■■■■■■■■■■■■■■■■■■■■■■■■■■■■■■■■■■■■■■■■                |  80% of 2.3 MiB
|■■■■■■■■■■■■■■■■■■■■■■■■■■■■■■■■■■■■■■■■■■■■■■■■■■■■■■■■■■■■■■■■■■■■■■■■        |  90% of 2.3 MiB
|■■■■■■■■■■■■■■■■■■■■■■■■■■■■■■■■■■■■■■■■■■■■■■■■■■■■■■■■■■■■■■■■■■■■■■■■■■■■■■■■| 100% of 2.3 MiB
FFMPEG playwright build v1011 downloaded to /root/.cache/ms-playwright/ffmpeg-1011
Downloading Chromium Headless Shell 140.0.7339.16 (playwright build v1187) from https://cdn.playwright.dev/dbazure/download/playwright/builds/chromium/1187/chromium-headless-shell-linux.zip
|                                                                                |   0% of 104.3 MiB
|■■■■■■■■                                                                        |  10% of 104.3 MiB
|■■■■■■■■■■■■■■■■                                                                |  20% of 104.3 MiB
|■■■■■■■■■■■■■■■■■■■■■■■■                                                        |  30% of 104.3 MiB
|■■■■■■■■■■■■■■■■■■■■■■■■■■■■■■■■                                                |  40% of 104.3 MiB
|■■■■■■■■■■■■■■■■■■■■■■■■■■■■■■■■■■■■■■■■                                        |  50% of 104.3 MiB
|■■■■■■■■■■■■■■■■■■■■■■■■■■■■■■■■■■■■■■■■■■■■■■■■                                |  60% of 104.3 MiB
|■■■■■■■■■■■■■■■■■■■■■■■■■■■■■■■■■■■■■■■■■■■■■■■■■■■■■■■■                        |  70% of 104.3 MiB
|■■■■■■■■■■■■■■■■■■■■■■■■■■■■■■■■■■■■■■■■■■■■■■■■■■■■■■■■■■■■■■■■                |  80% of 104.3 MiB
|■■■■■■■■■■■■■■■■■■■■■■■■■■■■■■■■■■■■■■■■■■■■■■■■■■■■■■■■■■■■■■■■■■■■■■■■        |  90% of 104.3 MiB
|■■■■■■■■■■■■■■■■■■■■■■■■■■■■■■■■■■■■■■■■■■■■■■■■■■■■■■■■■■■■■■■■■■■■■■■■■■■■■■■■| 100% of 104.3 MiB
Chromium Headless Shell 140.0.7339.16 (playwright build v1187) downloaded to /root/.cache/ms-playwright/chromium_headless_shell-1187
