Error in sitecustomize; set PYTHONVERBOSE for traceback:
ModuleNotFoundError: No module named 'wrapt'
baseline 12136.46 ms  (prefill 10263.79, decode 1905.59) 23 tokens, capacity 384
  compiled_fixed_cache=  True  ratio 1.0076  rejected: no gain
  fused_argmax=  True  ratio 0.9959  rejected: no gain
  head_skip_prefill=  True  ratio 0.8453  kept
  prefill_into_fixed=  True  ratio 0.8548  rejected: no gain
  readback_every=     2  ratio 0.8482  rejected: no gain
  readback_every=     4  ratio 0.8619  rejected: no gain
  readback_every=     8  ratio 0.8616  rejected: no gain
  speculate_k=     4  ratio 1.3396  rejected: no gain
  capacity_slack=   128  ratio 0.8478  rejected: no gain
  wired_fraction=   0.6  unsupported (wired_fraction is unsupported without Metal: MLX's CUDA backend has no wired limit)
  fuse_projections=  True  ratio 0.8580  rejected: no gain
confirming the screening winner with a paired A/B ...
Traceback (most recent call last):
  File "/tmp/im/bin/ironmule", line 10, in <module>
    sys.exit(main())
             ^^^^^^
  File "/tmp/IronMule/ironmule_cli.py", line 540, in main
    return _dispatch(argv)
           ^^^^^^^^^^^^^^^
  File "/tmp/IronMule/ironmule_cli.py", line 588, in _dispatch
    return _run_tune(rest)
           ^^^^^^^^^^^^^^^
  File "/tmp/IronMule/ironmule_cli.py", line 243, in _run_tune
    return int(tune_module.main(argv))
               ^^^^^^^^^^^^^^^^^^^^^^
  File "/tmp/IronMule/ironmule/tune.py", line 1064, in main
    tune(args.model, max_tokens=args.max_tokens, repeats=args.repeats, force=args.force,
  File "/tmp/IronMule/ironmule/tune.py", line 835, in tune
    raw_confirmation = confirm(model_id, BASELINE, best, prompt, max_tokens,
                       ^^^^^^^^^^^^^^^^^^^^^^^^^^^^^^^^^^^^^^^^^^^^^^^^^^^^^
  File "/tmp/IronMule/ironmule/tune.py", line 454, in confirm
    return ab.run({"baseline": baseline, "candidate": candidate},
           ^^^^^^^^^^^^^^^^^^^^^^^^^^^^^^^^^^^^^^^^^^^^^^^^^^^^^^
  File "/tmp/IronMule/ironmule/ab.py", line 603, in run
    raise ABRunError(
ironmule.ab.ABRunError: child 0 exited with status 1
