Error in sitecustomize; set PYTHONVERBOSE for traceback:
ModuleNotFoundError: No module named 'wrapt'
stock 0 14599.920133 0
ironmule_exact 0 14097.550307 0
ironmule_fp32 0 22728.312878 0
ironmule_exact 1 14432.227761 0
ironmule_fp32 1 23151.275596 0
stock 1 15268.624986 0
{
 "stock": {
  "ratio_vs_reference_per_rep": [
   1.0,
   1.0
  ],
  "median_ratio": 1.0,
  "max_ratio": 1.0,
  "identical_requests": 6,
  "deterministic_across_processes": true,
  "failed_processes": 0
 },
 "ironmule_exact": {
  "ratio_vs_reference_per_rep": [
   0.9655909195787653,
   0.9452211822762754
  ],
  "median_ratio": 0.9554060509275204,
  "max_ratio": 0.9655909195787653,
  "identical_requests": 6,
  "deterministic_across_processes": true,
  "failed_processes": 0
 },
 "ironmule_fp32": {
  "ratio_vs_reference_per_rep": [
   1.5567422746804969,
   1.5162646025577091
  ],
  "median_ratio": 1.536503438619103,
  "max_ratio": 1.5567422746804969,
  "identical_requests": 5,
  "deterministic_across_processes": true,
  "failed_processes": 0
 }
}
