Error in sitecustomize; set PYTHONVERBOSE for traceback:
ModuleNotFoundError: No module named 'wrapt'
stock 0 57859.854629 0
no_knobs_throughput 0 57145.261466 0
only_compiled_fixed_cache 0 56503.488345 0
only_fused_argmax 0 57052.294299 0
only_head_skip_prefill 0 56182.611936 0
only_readback_every 0 57122.275087 0
no_knobs_throughput 1 57156.056824 0
only_compiled_fixed_cache 1 56717.795077 0
only_fused_argmax 1 57065.025629 0
only_head_skip_prefill 1 56206.019013 0
only_readback_every 1 57191.961105 0
stock 1 57983.627556 0
{
 "stock": {
  "ratio_vs_reference_per_rep": [
   1.0,
   1.0
  ],
  "median_ratio": 1.0,
  "max_ratio": 1.0,
  "identical_requests": 6,
  "deterministic_across_processes": true,
  "failed_processes": 0
 },
 "no_knobs_throughput": {
  "ratio_vs_reference_per_rep": [
   0.9876495859247832,
   0.985727510214832
  ],
  "median_ratio": 0.9866885480698075,
  "max_ratio": 0.9876495859247832,
  "identical_requests": 3,
  "deterministic_across_processes": false,
  "failed_processes": 0
 },
 "only_compiled_fixed_cache": {
  "ratio_vs_reference_per_rep": [
   0.9765577308706168,
   0.9781691395941472
  ],
  "median_ratio": 0.977363435232382,
  "max_ratio": 0.9781691395941472,
  "identical_requests": 3,
  "deterministic_across_processes": false,
  "failed_processes": 0
 },
 "only_fused_argmax": {
  "ratio_vs_reference_per_rep": [
   0.9860428213105942,
   0.9841575636827341
  ],
  "median_ratio": 0.9851001924966641,
  "max_ratio": 0.9860428213105942,
  "identical_requests": 4,
  "deterministic_across_processes": true,
  "failed_processes": 0
 },
 "only_head_skip_prefill": {
  "ratio_vs_reference_per_rep": [
   0.9710119787933351,
   0.9693429228572633
  ],
  "median_ratio": 0.9701774508252992,
  "max_ratio": 0.9710119787933351,
  "identical_requests": 4,
  "deterministic_across_processes": true,
  "failed_processes": 0
 },
 "only_readback_every": {
  "ratio_vs_reference_per_rep": [
   0.9872523091056935,
   0.9863467243363583
  ],
  "median_ratio": 0.986799516721026,
  "max_ratio": 0.9872523091056935,
  "identical_requests": 3,
  "deterministic_across_processes": false,
  "failed_processes": 0
 }
}
