/root/.cache/huggingface/hub/models--mlx-community--gemma-3-12b-it-4bit/snapshots/86cc6a8dedbc456dd0e4af01a9d09f396f77e558/added_tokens.json
/root/.cache/huggingface/hub/models--mlx-community--gemma-3-12b-it-4bit/snapshots/86cc6a8dedbc456dd0e4af01a9d09f396f77e558/chat_template.json
/root/.cache/huggingface/hub/models--mlx-community--gemma-3-12b-it-4bit/snapshots/86cc6a8dedbc456dd0e4af01a9d09f396f77e558/config.json
/root/.cache/huggingface/hub/models--mlx-community--gemma-3-12b-it-4bit/snapshots/86cc6a8dedbc456dd0e4af01a9d09f396f77e558/generation_config.json
/root/.cache/huggingface/hub/models--mlx-community--gemma-3-12b-it-4bit/snapshots/86cc6a8dedbc456dd0e4af01a9d09f396f77e558/.gitattributes
/root/.cache/huggingface/hub/models--mlx-community--gemma-3-12b-it-4bit/snapshots/86cc6a8dedbc456dd0e4af01a9d09f396f77e558/model-00001-of-00002.safetensors
/root/.cache/huggingface/hub/models--mlx-community--gemma-3-12b-it-4bit/snapshots/86cc6a8dedbc456dd0e4af01a9d09f396f77e558/model-00002-of-00002.safetensors
/root/.cache/huggingface/hub/models--mlx-community--gemma-3-12b-it-4bit/snapshots/86cc6a8dedbc456dd0e4af01a9d09f396f77e558/model.safetensors.index.json
/root/.cache/huggingface/hub/models--mlx-community--gemma-3-12b-it-4bit/snapshots/86cc6a8dedbc456dd0e4af01a9d09f396f77e558/preprocessor_config.json
/root/.cache/huggingface/hub/models--mlx-community--gemma-3-12b-it-4bit/snapshots/86cc6a8dedbc456dd0e4af01a9d09f396f77e558/processor_config.json
/root/.cache/huggingface/hub/models--mlx-community--gemma-3-12b-it-4bit/snapshots/86cc6a8dedbc456dd0e4af01a9d09f396f77e558/README.md
/root/.cache/huggingface/hub/models--mlx-community--gemma-3-12b-it-4bit/snapshots/86cc6a8dedbc456dd0e4af01a9d09f396f77e558/special_tokens_map.json
/root/.cache/huggingface/hub/models--mlx-community--gemma-3-12b-it-4bit/snapshots/86cc6a8dedbc456dd0e4af01a9d09f396f77e558/tokenizer_config.json
/root/.cache/huggingface/hub/models--mlx-community--gemma-3-12b-it-4bit/snapshots/86cc6a8dedbc456dd0e4af01a9d09f396f77e558/tokenizer.json
/root/.cache/huggingface/hub/models--mlx-community--gemma-3-12b-it-4bit/snapshots/86cc6a8dedbc456dd0e4af01a9d09f396f77e558/tokenizer.model
/root/.cache/huggingface/hub/models--mlx-community--gemma-3-1b-it-4bit/snapshots/2d44e83dc9e80843d22fb941d3d699a0b1351aa6/added_tokens.json
/root/.cache/huggingface/hub/models--mlx-community--gemma-3-1b-it-4bit/snapshots/2d44e83dc9e80843d22fb941d3d699a0b1351aa6/config.json
/root/.cache/huggingface/hub/models--mlx-community--gemma-3-1b-it-4bit/snapshots/2d44e83dc9e80843d22fb941d3d699a0b1351aa6/.gitattributes
/root/.cache/huggingface/hub/models--mlx-community--gemma-3-1b-it-4bit/snapshots/2d44e83dc9e80843d22fb941d3d699a0b1351aa6/model.safetensors
/root/.cache/huggingface/hub/models--mlx-community--gemma-3-1b-it-4bit/snapshots/2d44e83dc9e80843d22fb941d3d699a0b1351aa6/model.safetensors.index.json
/root/.cache/huggingface/hub/models--mlx-community--gemma-3-1b-it-4bit/snapshots/2d44e83dc9e80843d22fb941d3d699a0b1351aa6/preprocessor_config.json
/root/.cache/huggingface/hub/models--mlx-community--gemma-3-1b-it-4bit/snapshots/2d44e83dc9e80843d22fb941d3d699a0b1351aa6/README.md
/root/.cache/huggingface/hub/models--mlx-community--gemma-3-1b-it-4bit/snapshots/2d44e83dc9e80843d22fb941d3d699a0b1351aa6/special_tokens_map.json
/root/.cache/huggingface/hub/models--mlx-community--gemma-3-1b-it-4bit/snapshots/2d44e83dc9e80843d22fb941d3d699a0b1351aa6/tokenizer_config.json
/root/.cache/huggingface/hub/models--mlx-community--gemma-3-1b-it-4bit/snapshots/2d44e83dc9e80843d22fb941d3d699a0b1351aa6/tokenizer.json
/root/.cache/huggingface/hub/models--mlx-community--gemma-3-1b-it-4bit/snapshots/2d44e83dc9e80843d22fb941d3d699a0b1351aa6/tokenizer.model
/root/.cache/huggingface/hub/models--mlx-community--gemma-3-4b-it-4bit/snapshots/93724907d4ed1745d2fe50baadf3b0b01a65abf2/added_tokens.json
/root/.cache/huggingface/hub/models--mlx-community--gemma-3-4b-it-4bit/snapshots/93724907d4ed1745d2fe50baadf3b0b01a65abf2/chat_template.json
/root/.cache/huggingface/hub/models--mlx-community--gemma-3-4b-it-4bit/snapshots/93724907d4ed1745d2fe50baadf3b0b01a65abf2/config.json
/root/.cache/huggingface/hub/models--mlx-community--gemma-3-4b-it-4bit/snapshots/93724907d4ed1745d2fe50baadf3b0b01a65abf2/generation_config.json
/root/.cache/huggingface/hub/models--mlx-community--gemma-3-4b-it-4bit/snapshots/93724907d4ed1745d2fe50baadf3b0b01a65abf2/.gitattributes
/root/.cache/huggingface/hub/models--mlx-community--gemma-3-4b-it-4bit/snapshots/93724907d4ed1745d2fe50baadf3b0b01a65abf2/model.safetensors
/root/.cache/huggingface/hub/models--mlx-community--gemma-3-4b-it-4bit/snapshots/93724907d4ed1745d2fe50baadf3b0b01a65abf2/model.safetensors.index.json
/root/.cache/huggingface/hub/models--mlx-community--gemma-3-4b-it-4bit/snapshots/93724907d4ed1745d2fe50baadf3b0b01a65abf2/preprocessor_config.json
/root/.cache/huggingface/hub/models--mlx-community--gemma-3-4b-it-4bit/snapshots/93724907d4ed1745d2fe50baadf3b0b01a65abf2/processor_config.json
/root/.cache/huggingface/hub/models--mlx-community--gemma-3-4b-it-4bit/snapshots/93724907d4ed1745d2fe50baadf3b0b01a65abf2/README.md
/root/.cache/huggingface/hub/models--mlx-community--gemma-3-4b-it-4bit/snapshots/93724907d4ed1745d2fe50baadf3b0b01a65abf2/special_tokens_map.json
/root/.cache/huggingface/hub/models--mlx-community--gemma-3-4b-it-4bit/snapshots/93724907d4ed1745d2fe50baadf3b0b01a65abf2/tokenizer_config.json
/root/.cache/huggingface/hub/models--mlx-community--gemma-3-4b-it-4bit/snapshots/93724907d4ed1745d2fe50baadf3b0b01a65abf2/tokenizer.json
/root/.cache/huggingface/hub/models--mlx-community--gemma-3-4b-it-4bit/snapshots/93724907d4ed1745d2fe50baadf3b0b01a65abf2/tokenizer.model
