Error in sitecustomize; set PYTHONVERBOSE for traceback:
ModuleNotFoundError: No module named 'wrapt'
0 {'nll_bf16': 4.466106414794922}
1 {'nll_bf16': 5.738735198974609}
2 {'nll_bf16': 5.4222917556762695}
3 {'nll_bf16': 6.051445007324219}
4 {'nll_bf16': 5.651291847229004}
5 {'nll_bf16': 5.847425937652588}
6 {'nll_bf16': 5.736911296844482}
7 {'nll_bf16': 6.235306262969971}
8 {'nll_bf16': 6.287051200866699}
9 {'nll_bf16': 5.814387321472168}
10 {'nll_bf16': 5.813994407653809}
11 {'nll_bf16': 6.108423233032227}
12 {'nll_bf16': 5.817036151885986}
13 {'nll_bf16': 5.499545097351074}
14 {'nll_bf16': 5.717951774597168}
15 {'nll_bf16': 5.451852321624756}
{
 "schema": "ironmule.port1-quality.v1",
 "model_id": "mlx-community/gemma-4-e2b-it-bf16",
 "revision": "fb0b166bbb9a0eb4b37915bfc515a197c9122f39",
 "text": "/tmp/wikitext.txt",
 "chunks": 16,
 "chunk_tokens": 512,
 "bos": 2,
 "only": "bf16",
 "loader": "mlx_lm",
 "ppl_bf16": 307.5798418608885,
 "device": "Device(gpu, 0)",
 "seconds": 29.163843393325806
}
