Error in sitecustomize; set PYTHONVERBOSE for traceback:
ModuleNotFoundError: No module named 'wrapt'
0 {'nll_float16': 8.114110946655273}
1 {'nll_float16': 9.957117080688477}
2 {'nll_float16': 9.617176055908203}
3 {'nll_float16': 8.647552490234375}
4 {'nll_float16': 11.021567344665527}
5 {'nll_float16': 10.09290885925293}
6 {'nll_float16': 11.012077331542969}
7 {'nll_float16': 9.118849754333496}
8 {'nll_float16': 10.668902397155762}
9 {'nll_float16': 9.908879280090332}
10 {'nll_float16': 10.79420280456543}
11 {'nll_float16': 11.913593292236328}
12 {'nll_float16': 9.52843952178955}
13 {'nll_float16': 10.24774169921875}
14 {'nll_float16': 9.409379005432129}
15 {'nll_float16': 9.705730438232422}
{
 "schema": "ironmule.port1-quality.v1",
 "model_id": "mlx-community/gemma-4-e2b-it-4bit",
 "revision": "238767527555cb75a05732a84dff5d6ba0dd6809",
 "text": "/tmp/wikitext.txt",
 "chunks": 16,
 "chunk_tokens": 512,
 "only": "float16",
 "ppl_float16": 21696.131871617727,
 "device": "Device(gpu, 0)",
 "seconds": 73.26838755607605
}
