Error in sitecustomize; set PYTHONVERBOSE for traceback:
ModuleNotFoundError: No module named 'wrapt'
baseline 11840.55 ms  (prefill 9986.55, decode 1854.00) 23 tokens, capacity 384
  compiled_fixed_cache=  True  ratio 1.0309  rejected: no gain
  fused_argmax=  True  ratio 1.0221  rejected: no gain
  head_skip_prefill=  True  ratio 0.8709  kept
  prefill_into_fixed=  True  ratio 0.8780  rejected: no gain
  readback_every=     2  ratio 0.8726  rejected: no gain
  readback_every=     4  ratio 0.8855  rejected: no gain
  readback_every=     8  ratio 0.8861  rejected: no gain
  speculate_k=     4  ratio 1.3776  rejected: no gain
  capacity_slack=   128  ratio 0.8730  rejected: no gain
  wired_fraction=   0.6  unsupported (wired_fraction is unsupported without Metal: MLX's CUDA backend has no wired limit)
  fuse_projections=  True  ratio 0.8806  rejected: no gain
confirming the screening winner with a paired A/B ...
{"exit": "ABRunError: child 0 exited with status 1", "seconds": 1227, "failed_children": 1}
Error in sitecustomize; set PYTHONVERBOSE for traceback:
ModuleNotFoundError: No module named 'wrapt'
Traceback (most recent call last):
  File "<string>", line 7, in <module>
  File "/tmp/IronMule/ironmule/ab.py", line 136, in _child
    return _child_execution(spec)
           ^^^^^^^^^^^^^^^^^^^^^^
  File "/tmp/IronMule/ironmule/ab.py", line 168, in _child_execution
    engine, tok = load_engine(spec.get("model", DEFAULT_MODEL), knobs,
                  ^^^^^^^^^^^^^^^^^^^^^^^^^^^^^^^^^^^^^^^^^^^^^^^^^^^^
  File "/tmp/IronMule/ironmule/tune.py", line 366, in load_engine
    model, tokenizer = load(source)
                       ^^^^^^^^^^^^
  File "/tmp/im/lib/python3.12/site-packages/mlx_lm/utils.py", line 491, in load
    model, config = load_model(model_path, lazy, model_config=model_config)
                    ^^^^^^^^^^^^^^^^^^^^^^^^^^^^^^^^^^^^^^^^^^^^^^^^^^^^^^^
  File "/tmp/im/lib/python3.12/site-packages/mlx_lm/utils.py", line 418, in load_model
    mx.eval(model.parameters())
RuntimeError: cudaMallocAsync(&data, size, stream) failed: out of memory
@GUARD_FAILURE{"events": [], "installed": true, "version": "ironmule.q3f_child_guard.v1"}

